==========================================================
phase 2   label=dbpedia-2015   endpoint=http://100.113.106.12:9008
started 2026-08-29 13:10:05
==========================================================

########## descriptive pass ##########

---- inforank (descriptive, parallelism 2) ---- 13:10:05
Endpoint:  http://100.113.106.12:9008
Snapshot:  dbpedia-2015  (results/dbpedia-2015/)

Metric 5: Entity informativeness   IR(v) = dtp(v) / Σ dtp(u)
Scope:    whole graph, top 50 entities

  Σ dtp(u) = 89029132 literal properties in scope

  literals         IR(v)   entity
      3861      4.337e-5   List_of_Doraemon_episodes_(1979_anime)
      3295      3.701e-5   Constituency_election_results_in_the_United_Kingdom_general_election,_1929
      3236      3.635e-5   List_of_Chopped_episodes
      3234      3.633e-5   List_of_Advanced_Dungeons_&_Dragons_2nd_edition_monsters
      2820      3.168e-5   List_of_Intel_Xeon_microprocessors
      2793      3.137e-5   List_of_Horizon_episodes
      2779      3.121e-5   List_of_Gunsmoke_television_episodes
      2587      2.906e-5   List_of_law_clerks_of_the_Supreme_Court_of_the_United_States
      2552      2.866e-5   List_of_Humble_Bundles
      2507      2.816e-5   2014–15_UEFA_Youth_League_squads
      2427      2.726e-5   List_of_Sooty_Show_episodes
      2396      2.691e-5   List_of_Nova_episodes
      2324      2.610e-5   List_of_Prisoner_episodes
      2308      2.592e-5   List_of_Maryland_state_highways
      2142      2.406e-5   List_of_public_art_in_Israel
      2136      2.399e-5   List_of_colors_(compact)
      2108      2.368e-5   2011_County_Championship
      2106      2.366e-5   2015_County_Championship
      2102      2.361e-5   List_of_State_Routes_in_Ohio
      2100      2.359e-5   Results_of_the_Queensland_state_election,_2015

Results saved to:
  results/dbpedia-2015/entity_informativeness.json
  results/dbpedia-2015/entity_informativeness.csv
   ok in 8s

---- diversity (descriptive, parallelism 2) ---- 13:10:13
Endpoint:  http://100.113.106.12:9008
Snapshot:  dbpedia-2015  (results/dbpedia-2015/)

Metric 6: Object diversity   OD(p,t) = distinct objects of p within class t
Scope:    top 8 classes


SPARQL query failed against http://100.113.106.12:9008
  error: HTTP 500 from the endpoint: Tried to allocate 1.1 GB, but only 1.1 GB were available
  query: SELECT ?p (COUNT(DISTINCT ?o) AS ?d) (COUNT(*) AS ?n) WHERE { ?s a <http://www.w3.org/2002/07/owl#Thing> . ?s ?p ?o } GROUP BY ?p

   FAILED after 9s

---- entropy-pagerank (descriptive, parallelism 1) ---- 13:10:22
Endpoint:  http://100.113.106.12:9008
Snapshot:  dbpedia-2015  (results/dbpedia-2015/)

Metric 7: Entropy-weighted PageRank (own variant)
          PR(v) = (1-d) + d · Σ w(p) · PR(u)/outdeg(u),  d = 0.85
Scope:    up to 200000 entity-to-entity edges

  fetched 200000 entity-to-entity edges
  480 distinct predicates -> 480 entropy queries
  206241 nodes, 200000 edges

  entropy-weighted run:
  converged after 3 iterations
  unweighted baseline run:
  converged after 3 iterations

  predicate weights w(p) = EntF(p)/max EntF:
    1.000   name
    0.865   title
    0.855   homepage
    0.842   report
    0.834   website
    0.822   caption
    0.821   candidate
    0.798   cover

  Top 20 by entropy-weighted PageRank (Δrank vs the unweighted baseline):
      score     rank     Δrank   node
  3334.2937        1        +0   Agent
   832.6631        2        +0   AdministrativeRegion
   331.4304        3        +0   Activity
   213.4421        4        +0   AcademicJournal
   208.8118        5        +0   Actor
    25.1190        6        +0   AdultActor
    12.6450        7        +0   
     3.5533        8        +2   
     3.0561        9        +2   
     2.7344       10        +2   birbhum.nic.in
     2.1959       11        +2   
     2.1707       12        +2   ariaawards.com.au
     1.5485       13        +4   
     1.4422       14        +4   MatchByDivision.aspx?DivID=159357770
     1.4422       15        +4   
     1.2843       16        +0   playercareer.asp?lplayer=70078
     1.1191       17        +9   coochbehar.nic.in
     1.1072       18        +5   antiguaolympiccommittee.com
     1.1072       19        +5   apra-awards.aspx
     1.0276       20        +1   ?skip=1&lang=en

Results saved to:
  results/dbpedia-2015/entropy_pagerank.json
  results/dbpedia-2015/entropy_pagerank.csv
   ok in 20s

########## pinned pass ##########

---- diversity (pinned, parallelism 2) ---- 13:10:42
Endpoint:  http://100.113.106.12:9008
Snapshot:  dbpedia-2015  (results/dbpedia-2015/)

Metric 6: Object diversity   OD(p,t) = distinct objects of p within class t
Scope:    top 8 classes

  pinned Person                 -> http://xmlns.com/foaf/0.1/Person (1587944 entities)
      NOTE: Person also matches http://dbpedia.org/ontology/Person (1587944 entities) -- using the most populated
      NOTE: Person also matches http://schema.org/Person (1587944 entities) -- using the most populated
  pinned Species                -> http://dbpedia.org/ontology/Species (293468 entities)
  pinned Star                   -> http://dbpedia.org/ontology/Star (2800 entities)
  pinned Galaxy                 -> http://dbpedia.org/ontology/Galaxy (690 entities)
  pinned ChemicalCompound       -> http://dbpedia.org/ontology/ChemicalCompound (9936 entities)
  pinned AdministrativeRegion   -> http://dbpedia.org/ontology/AdministrativeRegion (23972 entities)
        distinct      unique  predicate                    class
         1979135      83.44%  name                         Person
         1856458      90.70%  name                         Person
         1270021     100.00%  label                        Person
          890186     100.00%  careerStation                Person
          293440     100.00%  label                        Species
          227730      98.61%  synonym                      Species
          214347      99.88%  binomial                     Species
          192717      16.21%  description                  Person
          188166      15.78%  shortDescription             Person
          179307      80.37%  species                      Species
          171186      18.71%  placeOfBirth                 Person
          164828      93.62%  caption                      Person
          163538      98.72%  name                         Species
          162900      98.70%  name                         Species
          154934      49.51%  occupation                   Person

Results saved to:
  results/dbpedia-2015/object_diversity_pinned.json
  results/dbpedia-2015/object_diversity_pinned.csv
   ok in 8s

phase 2 done 2026-08-29 13:10:50 — 1 failure(s)
